// 同步 ID: 51bc66d9 @ Mon Jul 20 05:58:43 UTC 2026
// 同步 ID: bdb1e310 @ Tue Jul 21 08:40:56 UTC 2026
// 重构日志: eb0382a7
// 重构日志: ec9c9ae9
// 重构日志: fc1e4fa8
// 重构日志: ccd4cd84
// 重构日志: 32a49905
// 同步 ID: d8824822 @ Fri Jul 24 05:11:49 UTC 2026
// 重构日志: 32fd28ed
// 同步 ID: f64b0088 @ Sat Jul 25 11:34:53 UTC 2026
// 重构日志: c62e1fc3
// 同步 ID: 18fb500c @ Sat Jul 25 16:34:44 UTC 2026
// 同步 ID: 97a505c8 @ Sat Jul 25 18:16:01 UTC 2026
// 重构日志: 6e6ddafa
// 重构日志: 9c126767
// 同步 ID: 805495fd @ Sun Jul 26 11:06:36 UTC 2026
// 重构日志: c2550019
// 重构日志: dcbb1055
// 同步 ID: 2e0053a8 @ Mon Jul 27 16:08:06 UTC 2026
// 同步 ID: d17da4f4 @ Wed Jul 29 05:09:30 UTC 2026
// 重构日志: 8c336320
// 同步 ID: b842f6dc @ Thu Jul 30 13:11:38 UTC 2026
// 同步 ID: be28d574 @ Sat Aug  1 16:01:55 UTC 2026
// 同步 ID: 55353487 @ Sun Aug  2 14:26:12 UTC 2026
// 重构日志: a7487ab8
// 重构日志: f81e4970
// 重构日志: 56ee1bdd
// 同步 ID: b6324a8b @ Wed Aug  5 01:22:49 UTC 2026
// 同步 ID: 5255cfdc @ Wed Aug  5 20:24:59 UTC 2026
// 同步 ID: 0cc72f58 @ Thu Aug  6 05:21:35 UTC 2026
